INFO:lora-to-gguf:Loading base model from Hugging Face: google/gemma-4-12B-it-qat-q4_0-unquantized
INFO:httpx:HTTP Request: HEAD https://huggingface.co/google/gemma-4-12B-it-qat-q4_0-unquantized/resolve/main/config.json "HTTP/1.1 307 Temporary Redirect"
INFO:httpx:HTTP Request: HEAD https://huggingface.co/api/resolve-cache/models/google/gemma-4-12B-it-qat-q4_0-unquantized/b6ed86275a6a5735884e208bfed95b445a684ca2/config.json?%2Fgoogle%2Fgemma-4-12B-it-qat-q4_0-unquantized%2Fresolve%2Fmain%2Fconfig.json=&etag=%22c5e1c252e60fc021a75e43a032ba88523ff245be%22 "HTTP/1.1 200 OK"
INFO:lora-to-gguf:Using model architecture: Gemma4UnifiedForConditionalGeneration
INFO:hf-to-gguf:Using remote model with HuggingFace id: google/gemma-4-12B-it-qat-q4_0-unquantized
INFO:gguf.gguf_writer:gguf: This GGUF file is for Little Endian only
INFO:lora-to-gguf:Exporting model...
INFO:hf-to-gguf:blk.0.ffn_down.weight.lora_a,      torch.bfloat16 --> F16, shape = {15360, 16}
INFO:hf-to-gguf:blk.0.ffn_down.weight.lora_b,      torch.bfloat16 --> F16, shape = {16, 3840}
INFO:hf-to-gguf:blk.0.ffn_gate.weight.lora_a,      torch.bfloat16 --> F16, shape = {3840, 16}
INFO:hf-to-gguf:blk.0.ffn_gate.weight.lora_b,      torch.bfloat16 --> F16, shape = {16, 15360}
INFO:hf-to-gguf:blk.0.ffn_up.weight.lora_a,        torch.bfloat16 --> F16, shape = {3840, 16}
INFO:hf-to-gguf:blk.0.ffn_up.weight.lora_b,        torch.bfloat16 --> F16, shape = {16, 15360}
INFO:hf-to-gguf:blk.0.attn_k.weight.lora_a,        torch.bfloat16 --> F16, shape = {3840, 16}
INFO:hf-to-gguf:blk.0.attn_k.weight.lora_b,        torch.bfloat16 --> F16, shape = {16, 2048}
INFO:hf-to-gguf:blk.0.attn_output.weight.lora_a,   torch.bfloat16 --> F16, shape = {4096, 16}
INFO:hf-to-gguf:blk.0.attn_output.weight.lora_b,   torch.bfloat16 --> F16, shape = {16, 3840}
INFO:hf-to-gguf:blk.0.attn_q.weight.lora_a,        torch.bfloat16 --> F16, shape = {3840, 16}
INFO:hf-to-gguf:blk.0.attn_q.weight.lora_b,        torch.bfloat16 --> F16, shape = {16, 4096}
INFO:hf-to-gguf:blk.0.attn_v.weight.lora_a,        torch.bfloat16 --> F16, shape = {3840, 16}
INFO:hf-to-gguf:blk.0.attn_v.weight.lora_b,        torch.bfloat16 --> F16, shape = {16, 2048}
INFO:hf-to-gguf:blk.1.ffn_down.weight.lora_a,      torch.bfloat16 --> F16, shape = {15360, 16}
INFO:hf-to-gguf:blk.1.ffn_down.weight.lora_b,      torch.bfloat16 --> F16, shape = {16, 3840}
INFO:hf-to-gguf:blk.1.ffn_gate.weight.lora_a,      torch.bfloat16 --> F16, shape = {3840, 16}
INFO:hf-to-gguf:blk.1.ffn_gate.weight.lora_b,      torch.bfloat16 --> F16, shape = {16, 15360}
INFO:hf-to-gguf:blk.1.ffn_up.weight.lora_a,        torch.bfloat16 --> F16, shape = {3840, 16}
INFO:hf-to-gguf:blk.1.ffn_up.weight.lora_b,        torch.bfloat16 --> F16, shape = {16, 15360}
INFO:hf-to-gguf:blk.1.attn_k.weight.lora_a,        torch.bfloat16 --> F16, shape = {3840, 16}
INFO:hf-to-gguf:blk.1.attn_k.weight.lora_b,        torch.bfloat16 --> F16, shape = {16, 2048}
INFO:hf-to-gguf:blk.1.attn_output.weight.lora_a,   torch.bfloat16 --> F16, shape = {4096, 16}
INFO:hf-to-gguf:blk.1.attn_output.weight.lora_b,   torch.bfloat16 --> F16, shape = {16, 3840}
INFO:hf-to-gguf:blk.1.attn_q.weight.lora_a,        torch.bfloat16 --> F16, shape = {3840, 16}
INFO:hf-to-gguf:blk.1.attn_q.weight.lora_b,        torch.bfloat16 --> F16, shape = {16, 4096}
INFO:hf-to-gguf:blk.1.attn_v.weight.lora_a,        torch.bfloat16 --> F16, shape = {3840, 16}
INFO:hf-to-gguf:blk.1.attn_v.weight.lora_b,        torch.bfloat16 --> F16, shape = {16, 2048}
INFO:hf-to-gguf:blk.10.ffn_down.weight.lora_a,     torch.bfloat16 --> F16, shape = {15360, 16}
INFO:hf-to-gguf:blk.10.ffn_down.weight.lora_b,     torch.bfloat16 --> F16, shape = {16, 3840}
INFO:hf-to-gguf:blk.10.ffn_gate.weight.lora_a,     torch.bfloat16 --> F16, shape = {3840, 16}
INFO:hf-to-gguf:blk.10.ffn_gate.weight.lora_b,     torch.bfloat16 --> F16, shape = {16, 15360}
INFO:hf-to-gguf:blk.10.ffn_up.weight.lora_a,       torch.bfloat16 --> F16, shape = {3840, 16}
INFO:hf-to-gguf:blk.10.ffn_up.weight.lora_b,       torch.bfloat16 --> F16, shape = {16, 15360}
INFO:hf-to-gguf:blk.10.attn_k.weight.lora_a,       torch.bfloat16 --> F16, shape = {3840, 16}
INFO:hf-to-gguf:blk.10.attn_k.weight.lora_b,       torch.bfloat16 --> F16, shape = {16, 2048}
INFO:hf-to-gguf:blk.10.attn_output.weight.lora_a,  torch.bfloat16 --> F16, shape = {4096, 16}
INFO:hf-to-gguf:blk.10.attn_output.weight.lora_b,  torch.bfloat16 --> F16, shape = {16, 3840}
INFO:hf-to-gguf:blk.10.attn_q.weight.lora_a,       torch.bfloat16 --> F16, shape = {3840, 16}
INFO:hf-to-gguf:blk.10.attn_q.weight.lora_b,       torch.bfloat16 --> F16, shape = {16, 4096}
INFO:hf-to-gguf:blk.10.attn_v.weight.lora_a,       torch.bfloat16 --> F16, shape = {3840, 16}
INFO:hf-to-gguf:blk.10.attn_v.weight.lora_b,       torch.bfloat16 --> F16, shape = {16, 2048}
INFO:hf-to-gguf:blk.11.ffn_down.weight.lora_a,     torch.bfloat16 --> F16, shape = {15360, 16}
INFO:hf-to-gguf:blk.11.ffn_down.weight.lora_b,     torch.bfloat16 --> F16, shape = {16, 3840}
INFO:hf-to-gguf:blk.11.ffn_gate.weight.lora_a,     torch.bfloat16 --> F16, shape = {3840, 16}
INFO:hf-to-gguf:blk.11.ffn_gate.weight.lora_b,     torch.bfloat16 --> F16, shape = {16, 15360}
INFO:hf-to-gguf:blk.11.ffn_up.weight.lora_a,       torch.bfloat16 --> F16, shape = {3840, 16}
INFO:hf-to-gguf:blk.11.ffn_up.weight.lora_b,       torch.bfloat16 --> F16, shape = {16, 15360}
INFO:hf-to-gguf:blk.11.attn_k.weight.lora_a,       torch.bfloat16 --> F16, shape = {3840, 16}
INFO:hf-to-gguf:blk.11.attn_k.weight.lora_b,       torch.bfloat16 --> F16, shape = {16, 512}
INFO:hf-to-gguf:blk.11.attn_output.weight.lora_a,  torch.bfloat16 --> F16, shape = {8192, 16}
INFO:hf-to-gguf:blk.11.attn_output.weight.lora_b,  torch.bfloat16 --> F16, shape = {16, 3840}
INFO:hf-to-gguf:blk.11.attn_q.weight.lora_a,       torch.bfloat16 --> F16, shape = {3840, 16}
INFO:hf-to-gguf:blk.11.attn_q.weight.lora_b,       torch.bfloat16 --> F16, shape = {16, 8192}
INFO:hf-to-gguf:blk.12.ffn_down.weight.lora_a,     torch.bfloat16 --> F16, shape = {15360, 16}
INFO:hf-to-gguf:blk.12.ffn_down.weight.lora_b,     torch.bfloat16 --> F16, shape = {16, 3840}
INFO:hf-to-gguf:blk.12.ffn_gate.weight.lora_a,     torch.bfloat16 --> F16, shape = {3840, 16}
INFO:hf-to-gguf:blk.12.ffn_gate.weight.lora_b,     torch.bfloat16 --> F16, shape = {16, 15360}
INFO:hf-to-gguf:blk.12.ffn_up.weight.lora_a,       torch.bfloat16 --> F16, shape = {3840, 16}
INFO:hf-to-gguf:blk.12.ffn_up.weight.lora_b,       torch.bfloat16 --> F16, shape = {16, 15360}
INFO:hf-to-gguf:blk.12.attn_k.weight.lora_a,       torch.bfloat16 --> F16, shape = {3840, 16}
INFO:hf-to-gguf:blk.12.attn_k.weight.lora_b,       torch.bfloat16 --> F16, shape = {16, 2048}
INFO:hf-to-gguf:blk.12.attn_output.weight.lora_a,  torch.bfloat16 --> F16, shape = {4096, 16}
INFO:hf-to-gguf:blk.12.attn_output.weight.lora_b,  torch.bfloat16 --> F16, shape = {16, 3840}
INFO:hf-to-gguf:blk.12.attn_q.weight.lora_a,       torch.bfloat16 --> F16, shape = {3840, 16}
INFO:hf-to-gguf:blk.12.attn_q.weight.lora_b,       torch.bfloat16 --> F16, shape = {16, 4096}
INFO:hf-to-gguf:blk.12.attn_v.weight.lora_a,       torch.bfloat16 --> F16, shape = {3840, 16}
INFO:hf-to-gguf:blk.12.attn_v.weight.lora_b,       torch.bfloat16 --> F16, shape = {16, 2048}
INFO:hf-to-gguf:blk.13.ffn_down.weight.lora_a,     torch.bfloat16 --> F16, shape = {15360, 16}
INFO:hf-to-gguf:blk.13.ffn_down.weight.lora_b,     torch.bfloat16 --> F16, shape = {16, 3840}
INFO:hf-to-gguf:blk.13.ffn_gate.weight.lora_a,     torch.bfloat16 --> F16, shape = {3840, 16}
INFO:hf-to-gguf:blk.13.ffn_gate.weight.lora_b,     torch.bfloat16 --> F16, shape = {16, 15360}
INFO:hf-to-gguf:blk.13.ffn_up.weight.lora_a,       torch.bfloat16 --> F16, shape = {3840, 16}
INFO:hf-to-gguf:blk.13.ffn_up.weight.lora_b,       torch.bfloat16 --> F16, shape = {16, 15360}
INFO:hf-to-gguf:blk.13.attn_k.weight.lora_a,       torch.bfloat16 --> F16, shape = {3840, 16}
INFO:hf-to-gguf:blk.13.attn_k.weight.lora_b,       torch.bfloat16 --> F16, shape = {16, 2048}
INFO:hf-to-gguf:blk.13.attn_output.weight.lora_a,  torch.bfloat16 --> F16, shape = {4096, 16}
INFO:hf-to-gguf:blk.13.attn_output.weight.lora_b,  torch.bfloat16 --> F16, shape = {16, 3840}
INFO:hf-to-gguf:blk.13.attn_q.weight.lora_a,       torch.bfloat16 --> F16, shape = {3840, 16}
INFO:hf-to-gguf:blk.13.attn_q.weight.lora_b,       torch.bfloat16 --> F16, shape = {16, 4096}
INFO:hf-to-gguf:blk.13.attn_v.weight.lora_a,       torch.bfloat16 --> F16, shape = {3840, 16}
INFO:hf-to-gguf:blk.13.attn_v.weight.lora_b,       torch.bfloat16 --> F16, shape = {16, 2048}
INFO:hf-to-gguf:blk.14.ffn_down.weight.lora_a,     torch.bfloat16 --> F16, shape = {15360, 16}
INFO:hf-to-gguf:blk.14.ffn_down.weight.lora_b,     torch.bfloat16 --> F16, shape = {16, 3840}
INFO:hf-to-gguf:blk.14.ffn_gate.weight.lora_a,     torch.bfloat16 --> F16, shape = {3840, 16}
INFO:hf-to-gguf:blk.14.ffn_gate.weight.lora_b,     torch.bfloat16 --> F16, shape = {16, 15360}
INFO:hf-to-gguf:blk.14.ffn_up.weight.lora_a,       torch.bfloat16 --> F16, shape = {3840, 16}
INFO:hf-to-gguf:blk.14.ffn_up.weight.lora_b,       torch.bfloat16 --> F16, shape = {16, 15360}
INFO:hf-to-gguf:blk.14.attn_k.weight.lora_a,       torch.bfloat16 --> F16, shape = {3840, 16}
INFO:hf-to-gguf:blk.14.attn_k.weight.lora_b,       torch.bfloat16 --> F16, shape = {16, 2048}
INFO:hf-to-gguf:blk.14.attn_output.weight.lora_a,  torch.bfloat16 --> F16, shape = {4096, 16}
INFO:hf-to-gguf:blk.14.attn_output.weight.lora_b,  torch.bfloat16 --> F16, shape = {16, 3840}
INFO:hf-to-gguf:blk.14.attn_q.weight.lora_a,       torch.bfloat16 --> F16, shape = {3840, 16}
INFO:hf-to-gguf:blk.14.attn_q.weight.lora_b,       torch.bfloat16 --> F16, shape = {16, 4096}
INFO:hf-to-gguf:blk.14.attn_v.weight.lora_a,       torch.bfloat16 --> F16, shape = {3840, 16}
INFO:hf-to-gguf:blk.14.attn_v.weight.lora_b,       torch.bfloat16 --> F16, shape = {16, 2048}
INFO:hf-to-gguf:blk.15.ffn_down.weight.lora_a,     torch.bfloat16 --> F16, shape = {15360, 16}
INFO:hf-to-gguf:blk.15.ffn_down.weight.lora_b,     torch.bfloat16 --> F16, shape = {16, 3840}
INFO:hf-to-gguf:blk.15.ffn_gate.weight.lora_a,     torch.bfloat16 --> F16, shape = {3840, 16}
INFO:hf-to-gguf:blk.15.ffn_gate.weight.lora_b,     torch.bfloat16 --> F16, shape = {16, 15360}
INFO:hf-to-gguf:blk.15.ffn_up.weight.lora_a,       torch.bfloat16 --> F16, shape = {3840, 16}
INFO:hf-to-gguf:blk.15.ffn_up.weight.lora_b,       torch.bfloat16 --> F16, shape = {16, 15360}
INFO:hf-to-gguf:blk.15.attn_k.weight.lora_a,       torch.bfloat16 --> F16, shape = {3840, 16}
INFO:hf-to-gguf:blk.15.attn_k.weight.lora_b,       torch.bfloat16 --> F16, shape = {16, 2048}
INFO:hf-to-gguf:blk.15.attn_output.weight.lora_a,  torch.bfloat16 --> F16, shape = {4096, 16}
INFO:hf-to-gguf:blk.15.attn_output.weight.lora_b,  torch.bfloat16 --> F16, shape = {16, 3840}
INFO:hf-to-gguf:blk.15.attn_q.weight.lora_a,       torch.bfloat16 --> F16, shape = {3840, 16}
INFO:hf-to-gguf:blk.15.attn_q.weight.lora_b,       torch.bfloat16 --> F16, shape = {16, 4096}
INFO:hf-to-gguf:blk.15.attn_v.weight.lora_a,       torch.bfloat16 --> F16, shape = {3840, 16}
INFO:hf-to-gguf:blk.15.attn_v.weight.lora_b,       torch.bfloat16 --> F16, shape = {16, 2048}
INFO:hf-to-gguf:blk.16.ffn_down.weight.lora_a,     torch.bfloat16 --> F16, shape = {15360, 16}
INFO:hf-to-gguf:blk.16.ffn_down.weight.lora_b,     torch.bfloat16 --> F16, shape = {16, 3840}
INFO:hf-to-gguf:blk.16.ffn_gate.weight.lora_a,     torch.bfloat16 --> F16, shape = {3840, 16}
INFO:hf-to-gguf:blk.16.ffn_gate.weight.lora_b,     torch.bfloat16 --> F16, shape = {16, 15360}
INFO:hf-to-gguf:blk.16.ffn_up.weight.lora_a,       torch.bfloat16 --> F16, shape = {3840, 16}
INFO:hf-to-gguf:blk.16.ffn_up.weight.lora_b,       torch.bfloat16 --> F16, shape = {16, 15360}
INFO:hf-to-gguf:blk.16.attn_k.weight.lora_a,       torch.bfloat16 --> F16, shape = {3840, 16}
INFO:hf-to-gguf:blk.16.attn_k.weight.lora_b,       torch.bfloat16 --> F16, shape = {16, 2048}
INFO:hf-to-gguf:blk.16.attn_output.weight.lora_a,  torch.bfloat16 --> F16, shape = {4096, 16}
INFO:hf-to-gguf:blk.16.attn_output.weight.lora_b,  torch.bfloat16 --> F16, shape = {16, 3840}
INFO:hf-to-gguf:blk.16.attn_q.weight.lora_a,       torch.bfloat16 --> F16, shape = {3840, 16}
INFO:hf-to-gguf:blk.16.attn_q.weight.lora_b,       torch.bfloat16 --> F16, shape = {16, 4096}
INFO:hf-to-gguf:blk.16.attn_v.weight.lora_a,       torch.bfloat16 --> F16, shape = {3840, 16}
INFO:hf-to-gguf:blk.16.attn_v.weight.lora_b,       torch.bfloat16 --> F16, shape = {16, 2048}
INFO:hf-to-gguf:blk.17.ffn_down.weight.lora_a,     torch.bfloat16 --> F16, shape = {15360, 16}
INFO:hf-to-gguf:blk.17.ffn_down.weight.lora_b,     torch.bfloat16 --> F16, shape = {16, 3840}
INFO:hf-to-gguf:blk.17.ffn_gate.weight.lora_a,     torch.bfloat16 --> F16, shape = {3840, 16}
INFO:hf-to-gguf:blk.17.ffn_gate.weight.lora_b,     torch.bfloat16 --> F16, shape = {16, 15360}
INFO:hf-to-gguf:blk.17.ffn_up.weight.lora_a,       torch.bfloat16 --> F16, shape = {3840, 16}
INFO:hf-to-gguf:blk.17.ffn_up.weight.lora_b,       torch.bfloat16 --> F16, shape = {16, 15360}
INFO:hf-to-gguf:blk.17.attn_k.weight.lora_a,       torch.bfloat16 --> F16, shape = {3840, 16}
INFO:hf-to-gguf:blk.17.attn_k.weight.lora_b,       torch.bfloat16 --> F16, shape = {16, 512}
INFO:hf-to-gguf:blk.17.attn_output.weight.lora_a,  torch.bfloat16 --> F16, shape = {8192, 16}
INFO:hf-to-gguf:blk.17.attn_output.weight.lora_b,  torch.bfloat16 --> F16, shape = {16, 3840}
INFO:hf-to-gguf:blk.17.attn_q.weight.lora_a,       torch.bfloat16 --> F16, shape = {3840, 16}
INFO:hf-to-gguf:blk.17.attn_q.weight.lora_b,       torch.bfloat16 --> F16, shape = {16, 8192}
INFO:hf-to-gguf:blk.18.ffn_down.weight.lora_a,     torch.bfloat16 --> F16, shape = {15360, 16}
INFO:hf-to-gguf:blk.18.ffn_down.weight.lora_b,     torch.bfloat16 --> F16, shape = {16, 3840}
INFO:hf-to-gguf:blk.18.ffn_gate.weight.lora_a,     torch.bfloat16 --> F16, shape = {3840, 16}
INFO:hf-to-gguf:blk.18.ffn_gate.weight.lora_b,     torch.bfloat16 --> F16, shape = {16, 15360}
INFO:hf-to-gguf:blk.18.ffn_up.weight.lora_a,       torch.bfloat16 --> F16, shape = {3840, 16}
INFO:hf-to-gguf:blk.18.ffn_up.weight.lora_b,       torch.bfloat16 --> F16, shape = {16, 15360}
INFO:hf-to-gguf:blk.18.attn_k.weight.lora_a,       torch.bfloat16 --> F16, shape = {3840, 16}
INFO:hf-to-gguf:blk.18.attn_k.weight.lora_b,       torch.bfloat16 --> F16, shape = {16, 2048}
INFO:hf-to-gguf:blk.18.attn_output.weight.lora_a,  torch.bfloat16 --> F16, shape = {4096, 16}
INFO:hf-to-gguf:blk.18.attn_output.weight.lora_b,  torch.bfloat16 --> F16, shape = {16, 3840}
INFO:hf-to-gguf:blk.18.attn_q.weight.lora_a,       torch.bfloat16 --> F16, shape = {3840, 16}
INFO:hf-to-gguf:blk.18.attn_q.weight.lora_b,       torch.bfloat16 --> F16, shape = {16, 4096}
INFO:hf-to-gguf:blk.18.attn_v.weight.lora_a,       torch.bfloat16 --> F16, shape = {3840, 16}
INFO:hf-to-gguf:blk.18.attn_v.weight.lora_b,       torch.bfloat16 --> F16, shape = {16, 2048}
INFO:hf-to-gguf:blk.19.ffn_down.weight.lora_a,     torch.bfloat16 --> F16, shape = {15360, 16}
INFO:hf-to-gguf:blk.19.ffn_down.weight.lora_b,     torch.bfloat16 --> F16, shape = {16, 3840}
INFO:hf-to-gguf:blk.19.ffn_gate.weight.lora_a,     torch.bfloat16 --> F16, shape = {3840, 16}
INFO:hf-to-gguf:blk.19.ffn_gate.weight.lora_b,     torch.bfloat16 --> F16, shape = {16, 15360}
INFO:hf-to-gguf:blk.19.ffn_up.weight.lora_a,       torch.bfloat16 --> F16, shape = {3840, 16}
INFO:hf-to-gguf:blk.19.ffn_up.weight.lora_b,       torch.bfloat16 --> F16, shape = {16, 15360}
INFO:hf-to-gguf:blk.19.attn_k.weight.lora_a,       torch.bfloat16 --> F16, shape = {3840, 16}
INFO:hf-to-gguf:blk.19.attn_k.weight.lora_b,       torch.bfloat16 --> F16, shape = {16, 2048}
INFO:hf-to-gguf:blk.19.attn_output.weight.lora_a,  torch.bfloat16 --> F16, shape = {4096, 16}
INFO:hf-to-gguf:blk.19.attn_output.weight.lora_b,  torch.bfloat16 --> F16, shape = {16, 3840}
INFO:hf-to-gguf:blk.19.attn_q.weight.lora_a,       torch.bfloat16 --> F16, shape = {3840, 16}
INFO:hf-to-gguf:blk.19.attn_q.weight.lora_b,       torch.bfloat16 --> F16, shape = {16, 4096}
INFO:hf-to-gguf:blk.19.attn_v.weight.lora_a,       torch.bfloat16 --> F16, shape = {3840, 16}
INFO:hf-to-gguf:blk.19.attn_v.weight.lora_b,       torch.bfloat16 --> F16, shape = {16, 2048}
INFO:hf-to-gguf:blk.2.ffn_down.weight.lora_a,      torch.bfloat16 --> F16, shape = {15360, 16}
INFO:hf-to-gguf:blk.2.ffn_down.weight.lora_b,      torch.bfloat16 --> F16, shape = {16, 3840}
INFO:hf-to-gguf:blk.2.ffn_gate.weight.lora_a,      torch.bfloat16 --> F16, shape = {3840, 16}
INFO:hf-to-gguf:blk.2.ffn_gate.weight.lora_b,      torch.bfloat16 --> F16, shape = {16, 15360}
INFO:hf-to-gguf:blk.2.ffn_up.weight.lora_a,        torch.bfloat16 --> F16, shape = {3840, 16}
INFO:hf-to-gguf:blk.2.ffn_up.weight.lora_b,        torch.bfloat16 --> F16, shape = {16, 15360}
INFO:hf-to-gguf:blk.2.attn_k.weight.lora_a,        torch.bfloat16 --> F16, shape = {3840, 16}
INFO:hf-to-gguf:blk.2.attn_k.weight.lora_b,        torch.bfloat16 --> F16, shape = {16, 2048}
INFO:hf-to-gguf:blk.2.attn_output.weight.lora_a,   torch.bfloat16 --> F16, shape = {4096, 16}
INFO:hf-to-gguf:blk.2.attn_output.weight.lora_b,   torch.bfloat16 --> F16, shape = {16, 3840}
INFO:hf-to-gguf:blk.2.attn_q.weight.lora_a,        torch.bfloat16 --> F16, shape = {3840, 16}
INFO:hf-to-gguf:blk.2.attn_q.weight.lora_b,        torch.bfloat16 --> F16, shape = {16, 4096}
INFO:hf-to-gguf:blk.2.attn_v.weight.lora_a,        torch.bfloat16 --> F16, shape = {3840, 16}
INFO:hf-to-gguf:blk.2.attn_v.weight.lora_b,        torch.bfloat16 --> F16, shape = {16, 2048}
INFO:hf-to-gguf:blk.20.ffn_down.weight.lora_a,     torch.bfloat16 --> F16, shape = {15360, 16}
INFO:hf-to-gguf:blk.20.ffn_down.weight.lora_b,     torch.bfloat16 --> F16, shape = {16, 3840}
INFO:hf-to-gguf:blk.20.ffn_gate.weight.lora_a,     torch.bfloat16 --> F16, shape = {3840, 16}
INFO:hf-to-gguf:blk.20.ffn_gate.weight.lora_b,     torch.bfloat16 --> F16, shape = {16, 15360}
INFO:hf-to-gguf:blk.20.ffn_up.weight.lora_a,       torch.bfloat16 --> F16, shape = {3840, 16}
INFO:hf-to-gguf:blk.20.ffn_up.weight.lora_b,       torch.bfloat16 --> F16, shape = {16, 15360}
INFO:hf-to-gguf:blk.20.attn_k.weight.lora_a,       torch.bfloat16 --> F16, shape = {3840, 16}
INFO:hf-to-gguf:blk.20.attn_k.weight.lora_b,       torch.bfloat16 --> F16, shape = {16, 2048}
INFO:hf-to-gguf:blk.20.attn_output.weight.lora_a,  torch.bfloat16 --> F16, shape = {4096, 16}
INFO:hf-to-gguf:blk.20.attn_output.weight.lora_b,  torch.bfloat16 --> F16, shape = {16, 3840}
INFO:hf-to-gguf:blk.20.attn_q.weight.lora_a,       torch.bfloat16 --> F16, shape = {3840, 16}
INFO:hf-to-gguf:blk.20.attn_q.weight.lora_b,       torch.bfloat16 --> F16, shape = {16, 4096}
INFO:hf-to-gguf:blk.20.attn_v.weight.lora_a,       torch.bfloat16 --> F16, shape = {3840, 16}
INFO:hf-to-gguf:blk.20.attn_v.weight.lora_b,       torch.bfloat16 --> F16, shape = {16, 2048}
INFO:hf-to-gguf:blk.21.ffn_down.weight.lora_a,     torch.bfloat16 --> F16, shape = {15360, 16}
INFO:hf-to-gguf:blk.21.ffn_down.weight.lora_b,     torch.bfloat16 --> F16, shape = {16, 3840}
INFO:hf-to-gguf:blk.21.ffn_gate.weight.lora_a,     torch.bfloat16 --> F16, shape = {3840, 16}
INFO:hf-to-gguf:blk.21.ffn_gate.weight.lora_b,     torch.bfloat16 --> F16, shape = {16, 15360}
INFO:hf-to-gguf:blk.21.ffn_up.weight.lora_a,       torch.bfloat16 --> F16, shape = {3840, 16}
INFO:hf-to-gguf:blk.21.ffn_up.weight.lora_b,       torch.bfloat16 --> F16, shape = {16, 15360}
INFO:hf-to-gguf:blk.21.attn_k.weight.lora_a,       torch.bfloat16 --> F16, shape = {3840, 16}
INFO:hf-to-gguf:blk.21.attn_k.weight.lora_b,       torch.bfloat16 --> F16, shape = {16, 2048}
INFO:hf-to-gguf:blk.21.attn_output.weight.lora_a,  torch.bfloat16 --> F16, shape = {4096, 16}
INFO:hf-to-gguf:blk.21.attn_output.weight.lora_b,  torch.bfloat16 --> F16, shape = {16, 3840}
INFO:hf-to-gguf:blk.21.attn_q.weight.lora_a,       torch.bfloat16 --> F16, shape = {3840, 16}
INFO:hf-to-gguf:blk.21.attn_q.weight.lora_b,       torch.bfloat16 --> F16, shape = {16, 4096}
INFO:hf-to-gguf:blk.21.attn_v.weight.lora_a,       torch.bfloat16 --> F16, shape = {3840, 16}
INFO:hf-to-gguf:blk.21.attn_v.weight.lora_b,       torch.bfloat16 --> F16, shape = {16, 2048}
INFO:hf-to-gguf:blk.22.ffn_down.weight.lora_a,     torch.bfloat16 --> F16, shape = {15360, 16}
INFO:hf-to-gguf:blk.22.ffn_down.weight.lora_b,     torch.bfloat16 --> F16, shape = {16, 3840}
INFO:hf-to-gguf:blk.22.ffn_gate.weight.lora_a,     torch.bfloat16 --> F16, shape = {3840, 16}
INFO:hf-to-gguf:blk.22.ffn_gate.weight.lora_b,     torch.bfloat16 --> F16, shape = {16, 15360}
INFO:hf-to-gguf:blk.22.ffn_up.weight.lora_a,       torch.bfloat16 --> F16, shape = {3840, 16}
INFO:hf-to-gguf:blk.22.ffn_up.weight.lora_b,       torch.bfloat16 --> F16, shape = {16, 15360}
INFO:hf-to-gguf:blk.22.attn_k.weight.lora_a,       torch.bfloat16 --> F16, shape = {3840, 16}
INFO:hf-to-gguf:blk.22.attn_k.weight.lora_b,       torch.bfloat16 --> F16, shape = {16, 2048}
INFO:hf-to-gguf:blk.22.attn_output.weight.lora_a,  torch.bfloat16 --> F16, shape = {4096, 16}
INFO:hf-to-gguf:blk.22.attn_output.weight.lora_b,  torch.bfloat16 --> F16, shape = {16, 3840}
INFO:hf-to-gguf:blk.22.attn_q.weight.lora_a,       torch.bfloat16 --> F16, shape = {3840, 16}
INFO:hf-to-gguf:blk.22.attn_q.weight.lora_b,       torch.bfloat16 --> F16, shape = {16, 4096}
INFO:hf-to-gguf:blk.22.attn_v.weight.lora_a,       torch.bfloat16 --> F16, shape = {3840, 16}
INFO:hf-to-gguf:blk.22.attn_v.weight.lora_b,       torch.bfloat16 --> F16, shape = {16, 2048}
INFO:hf-to-gguf:blk.23.ffn_down.weight.lora_a,     torch.bfloat16 --> F16, shape = {15360, 16}
INFO:hf-to-gguf:blk.23.ffn_down.weight.lora_b,     torch.bfloat16 --> F16, shape = {16, 3840}
INFO:hf-to-gguf:blk.23.ffn_gate.weight.lora_a,     torch.bfloat16 --> F16, shape = {3840, 16}
INFO:hf-to-gguf:blk.23.ffn_gate.weight.lora_b,     torch.bfloat16 --> F16, shape = {16, 15360}
INFO:hf-to-gguf:blk.23.ffn_up.weight.lora_a,       torch.bfloat16 --> F16, shape = {3840, 16}
INFO:hf-to-gguf:blk.23.ffn_up.weight.lora_b,       torch.bfloat16 --> F16, shape = {16, 15360}
INFO:hf-to-gguf:blk.23.attn_k.weight.lora_a,       torch.bfloat16 --> F16, shape = {3840, 16}
INFO:hf-to-gguf:blk.23.attn_k.weight.lora_b,       torch.bfloat16 --> F16, shape = {16, 512}
INFO:hf-to-gguf:blk.23.attn_output.weight.lora_a,  torch.bfloat16 --> F16, shape = {8192, 16}
INFO:hf-to-gguf:blk.23.attn_output.weight.lora_b,  torch.bfloat16 --> F16, shape = {16, 3840}
INFO:hf-to-gguf:blk.23.attn_q.weight.lora_a,       torch.bfloat16 --> F16, shape = {3840, 16}
INFO:hf-to-gguf:blk.23.attn_q.weight.lora_b,       torch.bfloat16 --> F16, shape = {16, 8192}
INFO:hf-to-gguf:blk.24.ffn_down.weight.lora_a,     torch.bfloat16 --> F16, shape = {15360, 16}
INFO:hf-to-gguf:blk.24.ffn_down.weight.lora_b,     torch.bfloat16 --> F16, shape = {16, 3840}
INFO:hf-to-gguf:blk.24.ffn_gate.weight.lora_a,     torch.bfloat16 --> F16, shape = {3840, 16}
INFO:hf-to-gguf:blk.24.ffn_gate.weight.lora_b,     torch.bfloat16 --> F16, shape = {16, 15360}
INFO:hf-to-gguf:blk.24.ffn_up.weight.lora_a,       torch.bfloat16 --> F16, shape = {3840, 16}
INFO:hf-to-gguf:blk.24.ffn_up.weight.lora_b,       torch.bfloat16 --> F16, shape = {16, 15360}
INFO:hf-to-gguf:blk.24.attn_k.weight.lora_a,       torch.bfloat16 --> F16, shape = {3840, 16}
INFO:hf-to-gguf:blk.24.attn_k.weight.lora_b,       torch.bfloat16 --> F16, shape = {16, 2048}
INFO:hf-to-gguf:blk.24.attn_output.weight.lora_a,  torch.bfloat16 --> F16, shape = {4096, 16}
INFO:hf-to-gguf:blk.24.attn_output.weight.lora_b,  torch.bfloat16 --> F16, shape = {16, 3840}
INFO:hf-to-gguf:blk.24.attn_q.weight.lora_a,       torch.bfloat16 --> F16, shape = {3840, 16}
INFO:hf-to-gguf:blk.24.attn_q.weight.lora_b,       torch.bfloat16 --> F16, shape = {16, 4096}
INFO:hf-to-gguf:blk.24.attn_v.weight.lora_a,       torch.bfloat16 --> F16, shape = {3840, 16}
INFO:hf-to-gguf:blk.24.attn_v.weight.lora_b,       torch.bfloat16 --> F16, shape = {16, 2048}
INFO:hf-to-gguf:blk.25.ffn_down.weight.lora_a,     torch.bfloat16 --> F16, shape = {15360, 16}
INFO:hf-to-gguf:blk.25.ffn_down.weight.lora_b,     torch.bfloat16 --> F16, shape = {16, 3840}
INFO:hf-to-gguf:blk.25.ffn_gate.weight.lora_a,     torch.bfloat16 --> F16, shape = {3840, 16}
INFO:hf-to-gguf:blk.25.ffn_gate.weight.lora_b,     torch.bfloat16 --> F16, shape = {16, 15360}
INFO:hf-to-gguf:blk.25.ffn_up.weight.lora_a,       torch.bfloat16 --> F16, shape = {3840, 16}
INFO:hf-to-gguf:blk.25.ffn_up.weight.lora_b,       torch.bfloat16 --> F16, shape = {16, 15360}
INFO:hf-to-gguf:blk.25.attn_k.weight.lora_a,       torch.bfloat16 --> F16, shape = {3840, 16}
INFO:hf-to-gguf:blk.25.attn_k.weight.lora_b,       torch.bfloat16 --> F16, shape = {16, 2048}
INFO:hf-to-gguf:blk.25.attn_output.weight.lora_a,  torch.bfloat16 --> F16, shape = {4096, 16}
INFO:hf-to-gguf:blk.25.attn_output.weight.lora_b,  torch.bfloat16 --> F16, shape = {16, 3840}
INFO:hf-to-gguf:blk.25.attn_q.weight.lora_a,       torch.bfloat16 --> F16, shape = {3840, 16}
INFO:hf-to-gguf:blk.25.attn_q.weight.lora_b,       torch.bfloat16 --> F16, shape = {16, 4096}
INFO:hf-to-gguf:blk.25.attn_v.weight.lora_a,       torch.bfloat16 --> F16, shape = {3840, 16}
INFO:hf-to-gguf:blk.25.attn_v.weight.lora_b,       torch.bfloat16 --> F16, shape = {16, 2048}
INFO:hf-to-gguf:blk.26.ffn_down.weight.lora_a,     torch.bfloat16 --> F16, shape = {15360, 16}
INFO:hf-to-gguf:blk.26.ffn_down.weight.lora_b,     torch.bfloat16 --> F16, shape = {16, 3840}
INFO:hf-to-gguf:blk.26.ffn_gate.weight.lora_a,     torch.bfloat16 --> F16, shape = {3840, 16}
INFO:hf-to-gguf:blk.26.ffn_gate.weight.lora_b,     torch.bfloat16 --> F16, shape = {16, 15360}
INFO:hf-to-gguf:blk.26.ffn_up.weight.lora_a,       torch.bfloat16 --> F16, shape = {3840, 16}
INFO:hf-to-gguf:blk.26.ffn_up.weight.lora_b,       torch.bfloat16 --> F16, shape = {16, 15360}
INFO:hf-to-gguf:blk.26.attn_k.weight.lora_a,       torch.bfloat16 --> F16, shape = {3840, 16}
INFO:hf-to-gguf:blk.26.attn_k.weight.lora_b,       torch.bfloat16 --> F16, shape = {16, 2048}
INFO:hf-to-gguf:blk.26.attn_output.weight.lora_a,  torch.bfloat16 --> F16, shape = {4096, 16}
INFO:hf-to-gguf:blk.26.attn_output.weight.lora_b,  torch.bfloat16 --> F16, shape = {16, 3840}
INFO:hf-to-gguf:blk.26.attn_q.weight.lora_a,       torch.bfloat16 --> F16, shape = {3840, 16}
INFO:hf-to-gguf:blk.26.attn_q.weight.lora_b,       torch.bfloat16 --> F16, shape = {16, 4096}
INFO:hf-to-gguf:blk.26.attn_v.weight.lora_a,       torch.bfloat16 --> F16, shape = {3840, 16}
INFO:hf-to-gguf:blk.26.attn_v.weight.lora_b,       torch.bfloat16 --> F16, shape = {16, 2048}
INFO:hf-to-gguf:blk.27.ffn_down.weight.lora_a,     torch.bfloat16 --> F16, shape = {15360, 16}
INFO:hf-to-gguf:blk.27.ffn_down.weight.lora_b,     torch.bfloat16 --> F16, shape = {16, 3840}
INFO:hf-to-gguf:blk.27.ffn_gate.weight.lora_a,     torch.bfloat16 --> F16, shape = {3840, 16}
INFO:hf-to-gguf:blk.27.ffn_gate.weight.lora_b,     torch.bfloat16 --> F16, shape = {16, 15360}
INFO:hf-to-gguf:blk.27.ffn_up.weight.lora_a,       torch.bfloat16 --> F16, shape = {3840, 16}
INFO:hf-to-gguf:blk.27.ffn_up.weight.lora_b,       torch.bfloat16 --> F16, shape = {16, 15360}
INFO:hf-to-gguf:blk.27.attn_k.weight.lora_a,       torch.bfloat16 --> F16, shape = {3840, 16}
INFO:hf-to-gguf:blk.27.attn_k.weight.lora_b,       torch.bfloat16 --> F16, shape = {16, 2048}
INFO:hf-to-gguf:blk.27.attn_output.weight.lora_a,  torch.bfloat16 --> F16, shape = {4096, 16}
INFO:hf-to-gguf:blk.27.attn_output.weight.lora_b,  torch.bfloat16 --> F16, shape = {16, 3840}
INFO:hf-to-gguf:blk.27.attn_q.weight.lora_a,       torch.bfloat16 --> F16, shape = {3840, 16}
INFO:hf-to-gguf:blk.27.attn_q.weight.lora_b,       torch.bfloat16 --> F16, shape = {16, 4096}
INFO:hf-to-gguf:blk.27.attn_v.weight.lora_a,       torch.bfloat16 --> F16, shape = {3840, 16}
INFO:hf-to-gguf:blk.27.attn_v.weight.lora_b,       torch.bfloat16 --> F16, shape = {16, 2048}
INFO:hf-to-gguf:blk.28.ffn_down.weight.lora_a,     torch.bfloat16 --> F16, shape = {15360, 16}
INFO:hf-to-gguf:blk.28.ffn_down.weight.lora_b,     torch.bfloat16 --> F16, shape = {16, 3840}
INFO:hf-to-gguf:blk.28.ffn_gate.weight.lora_a,     torch.bfloat16 --> F16, shape = {3840, 16}
INFO:hf-to-gguf:blk.28.ffn_gate.weight.lora_b,     torch.bfloat16 --> F16, shape = {16, 15360}
INFO:hf-to-gguf:blk.28.ffn_up.weight.lora_a,       torch.bfloat16 --> F16, shape = {3840, 16}
INFO:hf-to-gguf:blk.28.ffn_up.weight.lora_b,       torch.bfloat16 --> F16, shape = {16, 15360}
INFO:hf-to-gguf:blk.28.attn_k.weight.lora_a,       torch.bfloat16 --> F16, shape = {3840, 16}
INFO:hf-to-gguf:blk.28.attn_k.weight.lora_b,       torch.bfloat16 --> F16, shape = {16, 2048}
INFO:hf-to-gguf:blk.28.attn_output.weight.lora_a,  torch.bfloat16 --> F16, shape = {4096, 16}
INFO:hf-to-gguf:blk.28.attn_output.weight.lora_b,  torch.bfloat16 --> F16, shape = {16, 3840}
INFO:hf-to-gguf:blk.28.attn_q.weight.lora_a,       torch.bfloat16 --> F16, shape = {3840, 16}
INFO:hf-to-gguf:blk.28.attn_q.weight.lora_b,       torch.bfloat16 --> F16, shape = {16, 4096}
INFO:hf-to-gguf:blk.28.attn_v.weight.lora_a,       torch.bfloat16 --> F16, shape = {3840, 16}
INFO:hf-to-gguf:blk.28.attn_v.weight.lora_b,       torch.bfloat16 --> F16, shape = {16, 2048}
INFO:hf-to-gguf:blk.29.ffn_down.weight.lora_a,     torch.bfloat16 --> F16, shape = {15360, 16}
INFO:hf-to-gguf:blk.29.ffn_down.weight.lora_b,     torch.bfloat16 --> F16, shape = {16, 3840}
INFO:hf-to-gguf:blk.29.ffn_gate.weight.lora_a,     torch.bfloat16 --> F16, shape = {3840, 16}
INFO:hf-to-gguf:blk.29.ffn_gate.weight.lora_b,     torch.bfloat16 --> F16, shape = {16, 15360}
INFO:hf-to-gguf:blk.29.ffn_up.weight.lora_a,       torch.bfloat16 --> F16, shape = {3840, 16}
INFO:hf-to-gguf:blk.29.ffn_up.weight.lora_b,       torch.bfloat16 --> F16, shape = {16, 15360}
INFO:hf-to-gguf:blk.29.attn_k.weight.lora_a,       torch.bfloat16 --> F16, shape = {3840, 16}
INFO:hf-to-gguf:blk.29.attn_k.weight.lora_b,       torch.bfloat16 --> F16, shape = {16, 512}
INFO:hf-to-gguf:blk.29.attn_output.weight.lora_a,  torch.bfloat16 --> F16, shape = {8192, 16}
INFO:hf-to-gguf:blk.29.attn_output.weight.lora_b,  torch.bfloat16 --> F16, shape = {16, 3840}
INFO:hf-to-gguf:blk.29.attn_q.weight.lora_a,       torch.bfloat16 --> F16, shape = {3840, 16}
INFO:hf-to-gguf:blk.29.attn_q.weight.lora_b,       torch.bfloat16 --> F16, shape = {16, 8192}
INFO:hf-to-gguf:blk.3.ffn_down.weight.lora_a,      torch.bfloat16 --> F16, shape = {15360, 16}
INFO:hf-to-gguf:blk.3.ffn_down.weight.lora_b,      torch.bfloat16 --> F16, shape = {16, 3840}
INFO:hf-to-gguf:blk.3.ffn_gate.weight.lora_a,      torch.bfloat16 --> F16, shape = {3840, 16}
INFO:hf-to-gguf:blk.3.ffn_gate.weight.lora_b,      torch.bfloat16 --> F16, shape = {16, 15360}
INFO:hf-to-gguf:blk.3.ffn_up.weight.lora_a,        torch.bfloat16 --> F16, shape = {3840, 16}
INFO:hf-to-gguf:blk.3.ffn_up.weight.lora_b,        torch.bfloat16 --> F16, shape = {16, 15360}
INFO:hf-to-gguf:blk.3.attn_k.weight.lora_a,        torch.bfloat16 --> F16, shape = {3840, 16}
INFO:hf-to-gguf:blk.3.attn_k.weight.lora_b,        torch.bfloat16 --> F16, shape = {16, 2048}
INFO:hf-to-gguf:blk.3.attn_output.weight.lora_a,   torch.bfloat16 --> F16, shape = {4096, 16}
INFO:hf-to-gguf:blk.3.attn_output.weight.lora_b,   torch.bfloat16 --> F16, shape = {16, 3840}
INFO:hf-to-gguf:blk.3.attn_q.weight.lora_a,        torch.bfloat16 --> F16, shape = {3840, 16}
INFO:hf-to-gguf:blk.3.attn_q.weight.lora_b,        torch.bfloat16 --> F16, shape = {16, 4096}
INFO:hf-to-gguf:blk.3.attn_v.weight.lora_a,        torch.bfloat16 --> F16, shape = {3840, 16}
INFO:hf-to-gguf:blk.3.attn_v.weight.lora_b,        torch.bfloat16 --> F16, shape = {16, 2048}
INFO:hf-to-gguf:blk.30.ffn_down.weight.lora_a,     torch.bfloat16 --> F16, shape = {15360, 16}
INFO:hf-to-gguf:blk.30.ffn_down.weight.lora_b,     torch.bfloat16 --> F16, shape = {16, 3840}
INFO:hf-to-gguf:blk.30.ffn_gate.weight.lora_a,     torch.bfloat16 --> F16, shape = {3840, 16}
INFO:hf-to-gguf:blk.30.ffn_gate.weight.lora_b,     torch.bfloat16 --> F16, shape = {16, 15360}
INFO:hf-to-gguf:blk.30.ffn_up.weight.lora_a,       torch.bfloat16 --> F16, shape = {3840, 16}
INFO:hf-to-gguf:blk.30.ffn_up.weight.lora_b,       torch.bfloat16 --> F16, shape = {16, 15360}
INFO:hf-to-gguf:blk.30.attn_k.weight.lora_a,       torch.bfloat16 --> F16, shape = {3840, 16}
INFO:hf-to-gguf:blk.30.attn_k.weight.lora_b,       torch.bfloat16 --> F16, shape = {16, 2048}
INFO:hf-to-gguf:blk.30.attn_output.weight.lora_a,  torch.bfloat16 --> F16, shape = {4096, 16}
INFO:hf-to-gguf:blk.30.attn_output.weight.lora_b,  torch.bfloat16 --> F16, shape = {16, 3840}
INFO:hf-to-gguf:blk.30.attn_q.weight.lora_a,       torch.bfloat16 --> F16, shape = {3840, 16}
INFO:hf-to-gguf:blk.30.attn_q.weight.lora_b,       torch.bfloat16 --> F16, shape = {16, 4096}
INFO:hf-to-gguf:blk.30.attn_v.weight.lora_a,       torch.bfloat16 --> F16, shape = {3840, 16}
INFO:hf-to-gguf:blk.30.attn_v.weight.lora_b,       torch.bfloat16 --> F16, shape = {16, 2048}
INFO:hf-to-gguf:blk.31.ffn_down.weight.lora_a,     torch.bfloat16 --> F16, shape = {15360, 16}
INFO:hf-to-gguf:blk.31.ffn_down.weight.lora_b,     torch.bfloat16 --> F16, shape = {16, 3840}
INFO:hf-to-gguf:blk.31.ffn_gate.weight.lora_a,     torch.bfloat16 --> F16, shape = {3840, 16}
INFO:hf-to-gguf:blk.31.ffn_gate.weight.lora_b,     torch.bfloat16 --> F16, shape = {16, 15360}
INFO:hf-to-gguf:blk.31.ffn_up.weight.lora_a,       torch.bfloat16 --> F16, shape = {3840, 16}
INFO:hf-to-gguf:blk.31.ffn_up.weight.lora_b,       torch.bfloat16 --> F16, shape = {16, 15360}
INFO:hf-to-gguf:blk.31.attn_k.weight.lora_a,       torch.bfloat16 --> F16, shape = {3840, 16}
INFO:hf-to-gguf:blk.31.attn_k.weight.lora_b,       torch.bfloat16 --> F16, shape = {16, 2048}
INFO:hf-to-gguf:blk.31.attn_output.weight.lora_a,  torch.bfloat16 --> F16, shape = {4096, 16}
INFO:hf-to-gguf:blk.31.attn_output.weight.lora_b,  torch.bfloat16 --> F16, shape = {16, 3840}
INFO:hf-to-gguf:blk.31.attn_q.weight.lora_a,       torch.bfloat16 --> F16, shape = {3840, 16}
INFO:hf-to-gguf:blk.31.attn_q.weight.lora_b,       torch.bfloat16 --> F16, shape = {16, 4096}
INFO:hf-to-gguf:blk.31.attn_v.weight.lora_a,       torch.bfloat16 --> F16, shape = {3840, 16}
INFO:hf-to-gguf:blk.31.attn_v.weight.lora_b,       torch.bfloat16 --> F16, shape = {16, 2048}
INFO:hf-to-gguf:blk.32.ffn_down.weight.lora_a,     torch.bfloat16 --> F16, shape = {15360, 16}
INFO:hf-to-gguf:blk.32.ffn_down.weight.lora_b,     torch.bfloat16 --> F16, shape = {16, 3840}
INFO:hf-to-gguf:blk.32.ffn_gate.weight.lora_a,     torch.bfloat16 --> F16, shape = {3840, 16}
INFO:hf-to-gguf:blk.32.ffn_gate.weight.lora_b,     torch.bfloat16 --> F16, shape = {16, 15360}
INFO:hf-to-gguf:blk.32.ffn_up.weight.lora_a,       torch.bfloat16 --> F16, shape = {3840, 16}
INFO:hf-to-gguf:blk.32.ffn_up.weight.lora_b,       torch.bfloat16 --> F16, shape = {16, 15360}
INFO:hf-to-gguf:blk.32.attn_k.weight.lora_a,       torch.bfloat16 --> F16, shape = {3840, 16}
INFO:hf-to-gguf:blk.32.attn_k.weight.lora_b,       torch.bfloat16 --> F16, shape = {16, 2048}
INFO:hf-to-gguf:blk.32.attn_output.weight.lora_a,  torch.bfloat16 --> F16, shape = {4096, 16}
INFO:hf-to-gguf:blk.32.attn_output.weight.lora_b,  torch.bfloat16 --> F16, shape = {16, 3840}
INFO:hf-to-gguf:blk.32.attn_q.weight.lora_a,       torch.bfloat16 --> F16, shape = {3840, 16}
INFO:hf-to-gguf:blk.32.attn_q.weight.lora_b,       torch.bfloat16 --> F16, shape = {16, 4096}
INFO:hf-to-gguf:blk.32.attn_v.weight.lora_a,       torch.bfloat16 --> F16, shape = {3840, 16}
INFO:hf-to-gguf:blk.32.attn_v.weight.lora_b,       torch.bfloat16 --> F16, shape = {16, 2048}
INFO:hf-to-gguf:blk.33.ffn_down.weight.lora_a,     torch.bfloat16 --> F16, shape = {15360, 16}
INFO:hf-to-gguf:blk.33.ffn_down.weight.lora_b,     torch.bfloat16 --> F16, shape = {16, 3840}
INFO:hf-to-gguf:blk.33.ffn_gate.weight.lora_a,     torch.bfloat16 --> F16, shape = {3840, 16}
INFO:hf-to-gguf:blk.33.ffn_gate.weight.lora_b,     torch.bfloat16 --> F16, shape = {16, 15360}
INFO:hf-to-gguf:blk.33.ffn_up.weight.lora_a,       torch.bfloat16 --> F16, shape = {3840, 16}
INFO:hf-to-gguf:blk.33.ffn_up.weight.lora_b,       torch.bfloat16 --> F16, shape = {16, 15360}
INFO:hf-to-gguf:blk.33.attn_k.weight.lora_a,       torch.bfloat16 --> F16, shape = {3840, 16}
INFO:hf-to-gguf:blk.33.attn_k.weight.lora_b,       torch.bfloat16 --> F16, shape = {16, 2048}
INFO:hf-to-gguf:blk.33.attn_output.weight.lora_a,  torch.bfloat16 --> F16, shape = {4096, 16}
INFO:hf-to-gguf:blk.33.attn_output.weight.lora_b,  torch.bfloat16 --> F16, shape = {16, 3840}
INFO:hf-to-gguf:blk.33.attn_q.weight.lora_a,       torch.bfloat16 --> F16, shape = {3840, 16}
INFO:hf-to-gguf:blk.33.attn_q.weight.lora_b,       torch.bfloat16 --> F16, shape = {16, 4096}
INFO:hf-to-gguf:blk.33.attn_v.weight.lora_a,       torch.bfloat16 --> F16, shape = {3840, 16}
INFO:hf-to-gguf:blk.33.attn_v.weight.lora_b,       torch.bfloat16 --> F16, shape = {16, 2048}
INFO:hf-to-gguf:blk.34.ffn_down.weight.lora_a,     torch.bfloat16 --> F16, shape = {15360, 16}
INFO:hf-to-gguf:blk.34.ffn_down.weight.lora_b,     torch.bfloat16 --> F16, shape = {16, 3840}
INFO:hf-to-gguf:blk.34.ffn_gate.weight.lora_a,     torch.bfloat16 --> F16, shape = {3840, 16}
INFO:hf-to-gguf:blk.34.ffn_gate.weight.lora_b,     torch.bfloat16 --> F16, shape = {16, 15360}
INFO:hf-to-gguf:blk.34.ffn_up.weight.lora_a,       torch.bfloat16 --> F16, shape = {3840, 16}
INFO:hf-to-gguf:blk.34.ffn_up.weight.lora_b,       torch.bfloat16 --> F16, shape = {16, 15360}
INFO:hf-to-gguf:blk.34.attn_k.weight.lora_a,       torch.bfloat16 --> F16, shape = {3840, 16}
INFO:hf-to-gguf:blk.34.attn_k.weight.lora_b,       torch.bfloat16 --> F16, shape = {16, 2048}
INFO:hf-to-gguf:blk.34.attn_output.weight.lora_a,  torch.bfloat16 --> F16, shape = {4096, 16}
INFO:hf-to-gguf:blk.34.attn_output.weight.lora_b,  torch.bfloat16 --> F16, shape = {16, 3840}
INFO:hf-to-gguf:blk.34.attn_q.weight.lora_a,       torch.bfloat16 --> F16, shape = {3840, 16}
INFO:hf-to-gguf:blk.34.attn_q.weight.lora_b,       torch.bfloat16 --> F16, shape = {16, 4096}
INFO:hf-to-gguf:blk.34.attn_v.weight.lora_a,       torch.bfloat16 --> F16, shape = {3840, 16}
INFO:hf-to-gguf:blk.34.attn_v.weight.lora_b,       torch.bfloat16 --> F16, shape = {16, 2048}
INFO:hf-to-gguf:blk.35.ffn_down.weight.lora_a,     torch.bfloat16 --> F16, shape = {15360, 16}
INFO:hf-to-gguf:blk.35.ffn_down.weight.lora_b,     torch.bfloat16 --> F16, shape = {16, 3840}
INFO:hf-to-gguf:blk.35.ffn_gate.weight.lora_a,     torch.bfloat16 --> F16, shape = {3840, 16}
INFO:hf-to-gguf:blk.35.ffn_gate.weight.lora_b,     torch.bfloat16 --> F16, shape = {16, 15360}
INFO:hf-to-gguf:blk.35.ffn_up.weight.lora_a,       torch.bfloat16 --> F16, shape = {3840, 16}
INFO:hf-to-gguf:blk.35.ffn_up.weight.lora_b,       torch.bfloat16 --> F16, shape = {16, 15360}
INFO:hf-to-gguf:blk.35.attn_k.weight.lora_a,       torch.bfloat16 --> F16, shape = {3840, 16}
INFO:hf-to-gguf:blk.35.attn_k.weight.lora_b,       torch.bfloat16 --> F16, shape = {16, 512}
INFO:hf-to-gguf:blk.35.attn_output.weight.lora_a,  torch.bfloat16 --> F16, shape = {8192, 16}
INFO:hf-to-gguf:blk.35.attn_output.weight.lora_b,  torch.bfloat16 --> F16, shape = {16, 3840}
INFO:hf-to-gguf:blk.35.attn_q.weight.lora_a,       torch.bfloat16 --> F16, shape = {3840, 16}
INFO:hf-to-gguf:blk.35.attn_q.weight.lora_b,       torch.bfloat16 --> F16, shape = {16, 8192}
INFO:hf-to-gguf:blk.36.ffn_down.weight.lora_a,     torch.bfloat16 --> F16, shape = {15360, 16}
INFO:hf-to-gguf:blk.36.ffn_down.weight.lora_b,     torch.bfloat16 --> F16, shape = {16, 3840}
INFO:hf-to-gguf:blk.36.ffn_gate.weight.lora_a,     torch.bfloat16 --> F16, shape = {3840, 16}
INFO:hf-to-gguf:blk.36.ffn_gate.weight.lora_b,     torch.bfloat16 --> F16, shape = {16, 15360}
INFO:hf-to-gguf:blk.36.ffn_up.weight.lora_a,       torch.bfloat16 --> F16, shape = {3840, 16}
INFO:hf-to-gguf:blk.36.ffn_up.weight.lora_b,       torch.bfloat16 --> F16, shape = {16, 15360}
INFO:hf-to-gguf:blk.36.attn_k.weight.lora_a,       torch.bfloat16 --> F16, shape = {3840, 16}
INFO:hf-to-gguf:blk.36.attn_k.weight.lora_b,       torch.bfloat16 --> F16, shape = {16, 2048}
INFO:hf-to-gguf:blk.36.attn_output.weight.lora_a,  torch.bfloat16 --> F16, shape = {4096, 16}
INFO:hf-to-gguf:blk.36.attn_output.weight.lora_b,  torch.bfloat16 --> F16, shape = {16, 3840}
INFO:hf-to-gguf:blk.36.attn_q.weight.lora_a,       torch.bfloat16 --> F16, shape = {3840, 16}
INFO:hf-to-gguf:blk.36.attn_q.weight.lora_b,       torch.bfloat16 --> F16, shape = {16, 4096}
INFO:hf-to-gguf:blk.36.attn_v.weight.lora_a,       torch.bfloat16 --> F16, shape = {3840, 16}
INFO:hf-to-gguf:blk.36.attn_v.weight.lora_b,       torch.bfloat16 --> F16, shape = {16, 2048}
INFO:hf-to-gguf:blk.37.ffn_down.weight.lora_a,     torch.bfloat16 --> F16, shape = {15360, 16}
INFO:hf-to-gguf:blk.37.ffn_down.weight.lora_b,     torch.bfloat16 --> F16, shape = {16, 3840}
INFO:hf-to-gguf:blk.37.ffn_gate.weight.lora_a,     torch.bfloat16 --> F16, shape = {3840, 16}
INFO:hf-to-gguf:blk.37.ffn_gate.weight.lora_b,     torch.bfloat16 --> F16, shape = {16, 15360}
INFO:hf-to-gguf:blk.37.ffn_up.weight.lora_a,       torch.bfloat16 --> F16, shape = {3840, 16}
INFO:hf-to-gguf:blk.37.ffn_up.weight.lora_b,       torch.bfloat16 --> F16, shape = {16, 15360}
INFO:hf-to-gguf:blk.37.attn_k.weight.lora_a,       torch.bfloat16 --> F16, shape = {3840, 16}
INFO:hf-to-gguf:blk.37.attn_k.weight.lora_b,       torch.bfloat16 --> F16, shape = {16, 2048}
INFO:hf-to-gguf:blk.37.attn_output.weight.lora_a,  torch.bfloat16 --> F16, shape = {4096, 16}
INFO:hf-to-gguf:blk.37.attn_output.weight.lora_b,  torch.bfloat16 --> F16, shape = {16, 3840}
INFO:hf-to-gguf:blk.37.attn_q.weight.lora_a,       torch.bfloat16 --> F16, shape = {3840, 16}
INFO:hf-to-gguf:blk.37.attn_q.weight.lora_b,       torch.bfloat16 --> F16, shape = {16, 4096}
INFO:hf-to-gguf:blk.37.attn_v.weight.lora_a,       torch.bfloat16 --> F16, shape = {3840, 16}
INFO:hf-to-gguf:blk.37.attn_v.weight.lora_b,       torch.bfloat16 --> F16, shape = {16, 2048}
INFO:hf-to-gguf:blk.38.ffn_down.weight.lora_a,     torch.bfloat16 --> F16, shape = {15360, 16}
INFO:hf-to-gguf:blk.38.ffn_down.weight.lora_b,     torch.bfloat16 --> F16, shape = {16, 3840}
INFO:hf-to-gguf:blk.38.ffn_gate.weight.lora_a,     torch.bfloat16 --> F16, shape = {3840, 16}
INFO:hf-to-gguf:blk.38.ffn_gate.weight.lora_b,     torch.bfloat16 --> F16, shape = {16, 15360}
INFO:hf-to-gguf:blk.38.ffn_up.weight.lora_a,       torch.bfloat16 --> F16, shape = {3840, 16}
INFO:hf-to-gguf:blk.38.ffn_up.weight.lora_b,       torch.bfloat16 --> F16, shape = {16, 15360}
INFO:hf-to-gguf:blk.38.attn_k.weight.lora_a,       torch.bfloat16 --> F16, shape = {3840, 16}
INFO:hf-to-gguf:blk.38.attn_k.weight.lora_b,       torch.bfloat16 --> F16, shape = {16, 2048}
INFO:hf-to-gguf:blk.38.attn_output.weight.lora_a,  torch.bfloat16 --> F16, shape = {4096, 16}
INFO:hf-to-gguf:blk.38.attn_output.weight.lora_b,  torch.bfloat16 --> F16, shape = {16, 3840}
INFO:hf-to-gguf:blk.38.attn_q.weight.lora_a,       torch.bfloat16 --> F16, shape = {3840, 16}
INFO:hf-to-gguf:blk.38.attn_q.weight.lora_b,       torch.bfloat16 --> F16, shape = {16, 4096}
INFO:hf-to-gguf:blk.38.attn_v.weight.lora_a,       torch.bfloat16 --> F16, shape = {3840, 16}
INFO:hf-to-gguf:blk.38.attn_v.weight.lora_b,       torch.bfloat16 --> F16, shape = {16, 2048}
INFO:hf-to-gguf:blk.39.ffn_down.weight.lora_a,     torch.bfloat16 --> F16, shape = {15360, 16}
INFO:hf-to-gguf:blk.39.ffn_down.weight.lora_b,     torch.bfloat16 --> F16, shape = {16, 3840}
INFO:hf-to-gguf:blk.39.ffn_gate.weight.lora_a,     torch.bfloat16 --> F16, shape = {3840, 16}
INFO:hf-to-gguf:blk.39.ffn_gate.weight.lora_b,     torch.bfloat16 --> F16, shape = {16, 15360}
INFO:hf-to-gguf:blk.39.ffn_up.weight.lora_a,       torch.bfloat16 --> F16, shape = {3840, 16}
INFO:hf-to-gguf:blk.39.ffn_up.weight.lora_b,       torch.bfloat16 --> F16, shape = {16, 15360}
INFO:hf-to-gguf:blk.39.attn_k.weight.lora_a,       torch.bfloat16 --> F16, shape = {3840, 16}
INFO:hf-to-gguf:blk.39.attn_k.weight.lora_b,       torch.bfloat16 --> F16, shape = {16, 2048}
INFO:hf-to-gguf:blk.39.attn_output.weight.lora_a,  torch.bfloat16 --> F16, shape = {4096, 16}
INFO:hf-to-gguf:blk.39.attn_output.weight.lora_b,  torch.bfloat16 --> F16, shape = {16, 3840}
INFO:hf-to-gguf:blk.39.attn_q.weight.lora_a,       torch.bfloat16 --> F16, shape = {3840, 16}
INFO:hf-to-gguf:blk.39.attn_q.weight.lora_b,       torch.bfloat16 --> F16, shape = {16, 4096}
INFO:hf-to-gguf:blk.39.attn_v.weight.lora_a,       torch.bfloat16 --> F16, shape = {3840, 16}
INFO:hf-to-gguf:blk.39.attn_v.weight.lora_b,       torch.bfloat16 --> F16, shape = {16, 2048}
INFO:hf-to-gguf:blk.4.ffn_down.weight.lora_a,      torch.bfloat16 --> F16, shape = {15360, 16}
INFO:hf-to-gguf:blk.4.ffn_down.weight.lora_b,      torch.bfloat16 --> F16, shape = {16, 3840}
INFO:hf-to-gguf:blk.4.ffn_gate.weight.lora_a,      torch.bfloat16 --> F16, shape = {3840, 16}
INFO:hf-to-gguf:blk.4.ffn_gate.weight.lora_b,      torch.bfloat16 --> F16, shape = {16, 15360}
INFO:hf-to-gguf:blk.4.ffn_up.weight.lora_a,        torch.bfloat16 --> F16, shape = {3840, 16}
INFO:hf-to-gguf:blk.4.ffn_up.weight.lora_b,        torch.bfloat16 --> F16, shape = {16, 15360}
INFO:hf-to-gguf:blk.4.attn_k.weight.lora_a,        torch.bfloat16 --> F16, shape = {3840, 16}
INFO:hf-to-gguf:blk.4.attn_k.weight.lora_b,        torch.bfloat16 --> F16, shape = {16, 2048}
INFO:hf-to-gguf:blk.4.attn_output.weight.lora_a,   torch.bfloat16 --> F16, shape = {4096, 16}
INFO:hf-to-gguf:blk.4.attn_output.weight.lora_b,   torch.bfloat16 --> F16, shape = {16, 3840}
INFO:hf-to-gguf:blk.4.attn_q.weight.lora_a,        torch.bfloat16 --> F16, shape = {3840, 16}
INFO:hf-to-gguf:blk.4.attn_q.weight.lora_b,        torch.bfloat16 --> F16, shape = {16, 4096}
INFO:hf-to-gguf:blk.4.attn_v.weight.lora_a,        torch.bfloat16 --> F16, shape = {3840, 16}
INFO:hf-to-gguf:blk.4.attn_v.weight.lora_b,        torch.bfloat16 --> F16, shape = {16, 2048}
INFO:hf-to-gguf:blk.40.ffn_down.weight.lora_a,     torch.bfloat16 --> F16, shape = {15360, 16}
INFO:hf-to-gguf:blk.40.ffn_down.weight.lora_b,     torch.bfloat16 --> F16, shape = {16, 3840}
INFO:hf-to-gguf:blk.40.ffn_gate.weight.lora_a,     torch.bfloat16 --> F16, shape = {3840, 16}
INFO:hf-to-gguf:blk.40.ffn_gate.weight.lora_b,     torch.bfloat16 --> F16, shape = {16, 15360}
INFO:hf-to-gguf:blk.40.ffn_up.weight.lora_a,       torch.bfloat16 --> F16, shape = {3840, 16}
INFO:hf-to-gguf:blk.40.ffn_up.weight.lora_b,       torch.bfloat16 --> F16, shape = {16, 15360}
INFO:hf-to-gguf:blk.40.attn_k.weight.lora_a,       torch.bfloat16 --> F16, shape = {3840, 16}
INFO:hf-to-gguf:blk.40.attn_k.weight.lora_b,       torch.bfloat16 --> F16, shape = {16, 2048}
INFO:hf-to-gguf:blk.40.attn_output.weight.lora_a,  torch.bfloat16 --> F16, shape = {4096, 16}
INFO:hf-to-gguf:blk.40.attn_output.weight.lora_b,  torch.bfloat16 --> F16, shape = {16, 3840}
INFO:hf-to-gguf:blk.40.attn_q.weight.lora_a,       torch.bfloat16 --> F16, shape = {3840, 16}
INFO:hf-to-gguf:blk.40.attn_q.weight.lora_b,       torch.bfloat16 --> F16, shape = {16, 4096}
INFO:hf-to-gguf:blk.40.attn_v.weight.lora_a,       torch.bfloat16 --> F16, shape = {3840, 16}
INFO:hf-to-gguf:blk.40.attn_v.weight.lora_b,       torch.bfloat16 --> F16, shape = {16, 2048}
INFO:hf-to-gguf:blk.41.ffn_down.weight.lora_a,     torch.bfloat16 --> F16, shape = {15360, 16}
INFO:hf-to-gguf:blk.41.ffn_down.weight.lora_b,     torch.bfloat16 --> F16, shape = {16, 3840}
INFO:hf-to-gguf:blk.41.ffn_gate.weight.lora_a,     torch.bfloat16 --> F16, shape = {3840, 16}
INFO:hf-to-gguf:blk.41.ffn_gate.weight.lora_b,     torch.bfloat16 --> F16, shape = {16, 15360}
INFO:hf-to-gguf:blk.41.ffn_up.weight.lora_a,       torch.bfloat16 --> F16, shape = {3840, 16}
INFO:hf-to-gguf:blk.41.ffn_up.weight.lora_b,       torch.bfloat16 --> F16, shape = {16, 15360}
INFO:hf-to-gguf:blk.41.attn_k.weight.lora_a,       torch.bfloat16 --> F16, shape = {3840, 16}
INFO:hf-to-gguf:blk.41.attn_k.weight.lora_b,       torch.bfloat16 --> F16, shape = {16, 512}
INFO:hf-to-gguf:blk.41.attn_output.weight.lora_a,  torch.bfloat16 --> F16, shape = {8192, 16}
INFO:hf-to-gguf:blk.41.attn_output.weight.lora_b,  torch.bfloat16 --> F16, shape = {16, 3840}
INFO:hf-to-gguf:blk.41.attn_q.weight.lora_a,       torch.bfloat16 --> F16, shape = {3840, 16}
INFO:hf-to-gguf:blk.41.attn_q.weight.lora_b,       torch.bfloat16 --> F16, shape = {16, 8192}
INFO:hf-to-gguf:blk.42.ffn_down.weight.lora_a,     torch.bfloat16 --> F16, shape = {15360, 16}
INFO:hf-to-gguf:blk.42.ffn_down.weight.lora_b,     torch.bfloat16 --> F16, shape = {16, 3840}
INFO:hf-to-gguf:blk.42.ffn_gate.weight.lora_a,     torch.bfloat16 --> F16, shape = {3840, 16}
INFO:hf-to-gguf:blk.42.ffn_gate.weight.lora_b,     torch.bfloat16 --> F16, shape = {16, 15360}
INFO:hf-to-gguf:blk.42.ffn_up.weight.lora_a,       torch.bfloat16 --> F16, shape = {3840, 16}
INFO:hf-to-gguf:blk.42.ffn_up.weight.lora_b,       torch.bfloat16 --> F16, shape = {16, 15360}
INFO:hf-to-gguf:blk.42.attn_k.weight.lora_a,       torch.bfloat16 --> F16, shape = {3840, 16}
INFO:hf-to-gguf:blk.42.attn_k.weight.lora_b,       torch.bfloat16 --> F16, shape = {16, 2048}
INFO:hf-to-gguf:blk.42.attn_output.weight.lora_a,  torch.bfloat16 --> F16, shape = {4096, 16}
INFO:hf-to-gguf:blk.42.attn_output.weight.lora_b,  torch.bfloat16 --> F16, shape = {16, 3840}
INFO:hf-to-gguf:blk.42.attn_q.weight.lora_a,       torch.bfloat16 --> F16, shape = {3840, 16}
INFO:hf-to-gguf:blk.42.attn_q.weight.lora_b,       torch.bfloat16 --> F16, shape = {16, 4096}
INFO:hf-to-gguf:blk.42.attn_v.weight.lora_a,       torch.bfloat16 --> F16, shape = {3840, 16}
INFO:hf-to-gguf:blk.42.attn_v.weight.lora_b,       torch.bfloat16 --> F16, shape = {16, 2048}
INFO:hf-to-gguf:blk.43.ffn_down.weight.lora_a,     torch.bfloat16 --> F16, shape = {15360, 16}
INFO:hf-to-gguf:blk.43.ffn_down.weight.lora_b,     torch.bfloat16 --> F16, shape = {16, 3840}
INFO:hf-to-gguf:blk.43.ffn_gate.weight.lora_a,     torch.bfloat16 --> F16, shape = {3840, 16}
INFO:hf-to-gguf:blk.43.ffn_gate.weight.lora_b,     torch.bfloat16 --> F16, shape = {16, 15360}
INFO:hf-to-gguf:blk.43.ffn_up.weight.lora_a,       torch.bfloat16 --> F16, shape = {3840, 16}
INFO:hf-to-gguf:blk.43.ffn_up.weight.lora_b,       torch.bfloat16 --> F16, shape = {16, 15360}
INFO:hf-to-gguf:blk.43.attn_k.weight.lora_a,       torch.bfloat16 --> F16, shape = {3840, 16}
INFO:hf-to-gguf:blk.43.attn_k.weight.lora_b,       torch.bfloat16 --> F16, shape = {16, 2048}
INFO:hf-to-gguf:blk.43.attn_output.weight.lora_a,  torch.bfloat16 --> F16, shape = {4096, 16}
INFO:hf-to-gguf:blk.43.attn_output.weight.lora_b,  torch.bfloat16 --> F16, shape = {16, 3840}
INFO:hf-to-gguf:blk.43.attn_q.weight.lora_a,       torch.bfloat16 --> F16, shape = {3840, 16}
INFO:hf-to-gguf:blk.43.attn_q.weight.lora_b,       torch.bfloat16 --> F16, shape = {16, 4096}
INFO:hf-to-gguf:blk.43.attn_v.weight.lora_a,       torch.bfloat16 --> F16, shape = {3840, 16}
INFO:hf-to-gguf:blk.43.attn_v.weight.lora_b,       torch.bfloat16 --> F16, shape = {16, 2048}
INFO:hf-to-gguf:blk.44.ffn_down.weight.lora_a,     torch.bfloat16 --> F16, shape = {15360, 16}
INFO:hf-to-gguf:blk.44.ffn_down.weight.lora_b,     torch.bfloat16 --> F16, shape = {16, 3840}
INFO:hf-to-gguf:blk.44.ffn_gate.weight.lora_a,     torch.bfloat16 --> F16, shape = {3840, 16}
INFO:hf-to-gguf:blk.44.ffn_gate.weight.lora_b,     torch.bfloat16 --> F16, shape = {16, 15360}
INFO:hf-to-gguf:blk.44.ffn_up.weight.lora_a,       torch.bfloat16 --> F16, shape = {3840, 16}
INFO:hf-to-gguf:blk.44.ffn_up.weight.lora_b,       torch.bfloat16 --> F16, shape = {16, 15360}
INFO:hf-to-gguf:blk.44.attn_k.weight.lora_a,       torch.bfloat16 --> F16, shape = {3840, 16}
INFO:hf-to-gguf:blk.44.attn_k.weight.lora_b,       torch.bfloat16 --> F16, shape = {16, 2048}
INFO:hf-to-gguf:blk.44.attn_output.weight.lora_a,  torch.bfloat16 --> F16, shape = {4096, 16}
INFO:hf-to-gguf:blk.44.attn_output.weight.lora_b,  torch.bfloat16 --> F16, shape = {16, 3840}
INFO:hf-to-gguf:blk.44.attn_q.weight.lora_a,       torch.bfloat16 --> F16, shape = {3840, 16}
INFO:hf-to-gguf:blk.44.attn_q.weight.lora_b,       torch.bfloat16 --> F16, shape = {16, 4096}
INFO:hf-to-gguf:blk.44.attn_v.weight.lora_a,       torch.bfloat16 --> F16, shape = {3840, 16}
INFO:hf-to-gguf:blk.44.attn_v.weight.lora_b,       torch.bfloat16 --> F16, shape = {16, 2048}
INFO:hf-to-gguf:blk.45.ffn_down.weight.lora_a,     torch.bfloat16 --> F16, shape = {15360, 16}
INFO:hf-to-gguf:blk.45.ffn_down.weight.lora_b,     torch.bfloat16 --> F16, shape = {16, 3840}
INFO:hf-to-gguf:blk.45.ffn_gate.weight.lora_a,     torch.bfloat16 --> F16, shape = {3840, 16}
INFO:hf-to-gguf:blk.45.ffn_gate.weight.lora_b,     torch.bfloat16 --> F16, shape = {16, 15360}
INFO:hf-to-gguf:blk.45.ffn_up.weight.lora_a,       torch.bfloat16 --> F16, shape = {3840, 16}
INFO:hf-to-gguf:blk.45.ffn_up.weight.lora_b,       torch.bfloat16 --> F16, shape = {16, 15360}
INFO:hf-to-gguf:blk.45.attn_k.weight.lora_a,       torch.bfloat16 --> F16, shape = {3840, 16}
INFO:hf-to-gguf:blk.45.attn_k.weight.lora_b,       torch.bfloat16 --> F16, shape = {16, 2048}
INFO:hf-to-gguf:blk.45.attn_output.weight.lora_a,  torch.bfloat16 --> F16, shape = {4096, 16}
INFO:hf-to-gguf:blk.45.attn_output.weight.lora_b,  torch.bfloat16 --> F16, shape = {16, 3840}
INFO:hf-to-gguf:blk.45.attn_q.weight.lora_a,       torch.bfloat16 --> F16, shape = {3840, 16}
INFO:hf-to-gguf:blk.45.attn_q.weight.lora_b,       torch.bfloat16 --> F16, shape = {16, 4096}
INFO:hf-to-gguf:blk.45.attn_v.weight.lora_a,       torch.bfloat16 --> F16, shape = {3840, 16}
INFO:hf-to-gguf:blk.45.attn_v.weight.lora_b,       torch.bfloat16 --> F16, shape = {16, 2048}
INFO:hf-to-gguf:blk.46.ffn_down.weight.lora_a,     torch.bfloat16 --> F16, shape = {15360, 16}
INFO:hf-to-gguf:blk.46.ffn_down.weight.lora_b,     torch.bfloat16 --> F16, shape = {16, 3840}
INFO:hf-to-gguf:blk.46.ffn_gate.weight.lora_a,     torch.bfloat16 --> F16, shape = {3840, 16}
INFO:hf-to-gguf:blk.46.ffn_gate.weight.lora_b,     torch.bfloat16 --> F16, shape = {16, 15360}
INFO:hf-to-gguf:blk.46.ffn_up.weight.lora_a,       torch.bfloat16 --> F16, shape = {3840, 16}
INFO:hf-to-gguf:blk.46.ffn_up.weight.lora_b,       torch.bfloat16 --> F16, shape = {16, 15360}
INFO:hf-to-gguf:blk.46.attn_k.weight.lora_a,       torch.bfloat16 --> F16, shape = {3840, 16}
INFO:hf-to-gguf:blk.46.attn_k.weight.lora_b,       torch.bfloat16 --> F16, shape = {16, 2048}
INFO:hf-to-gguf:blk.46.attn_output.weight.lora_a,  torch.bfloat16 --> F16, shape = {4096, 16}
INFO:hf-to-gguf:blk.46.attn_output.weight.lora_b,  torch.bfloat16 --> F16, shape = {16, 3840}
INFO:hf-to-gguf:blk.46.attn_q.weight.lora_a,       torch.bfloat16 --> F16, shape = {3840, 16}
INFO:hf-to-gguf:blk.46.attn_q.weight.lora_b,       torch.bfloat16 --> F16, shape = {16, 4096}
INFO:hf-to-gguf:blk.46.attn_v.weight.lora_a,       torch.bfloat16 --> F16, shape = {3840, 16}
INFO:hf-to-gguf:blk.46.attn_v.weight.lora_b,       torch.bfloat16 --> F16, shape = {16, 2048}
INFO:hf-to-gguf:blk.47.ffn_down.weight.lora_a,     torch.bfloat16 --> F16, shape = {15360, 16}
INFO:hf-to-gguf:blk.47.ffn_down.weight.lora_b,     torch.bfloat16 --> F16, shape = {16, 3840}
INFO:hf-to-gguf:blk.47.ffn_gate.weight.lora_a,     torch.bfloat16 --> F16, shape = {3840, 16}
INFO:hf-to-gguf:blk.47.ffn_gate.weight.lora_b,     torch.bfloat16 --> F16, shape = {16, 15360}
INFO:hf-to-gguf:blk.47.ffn_up.weight.lora_a,       torch.bfloat16 --> F16, shape = {3840, 16}
INFO:hf-to-gguf:blk.47.ffn_up.weight.lora_b,       torch.bfloat16 --> F16, shape = {16, 15360}
INFO:hf-to-gguf:blk.47.attn_k.weight.lora_a,       torch.bfloat16 --> F16, shape = {3840, 16}
INFO:hf-to-gguf:blk.47.attn_k.weight.lora_b,       torch.bfloat16 --> F16, shape = {16, 512}
INFO:hf-to-gguf:blk.47.attn_output.weight.lora_a,  torch.bfloat16 --> F16, shape = {8192, 16}
INFO:hf-to-gguf:blk.47.attn_output.weight.lora_b,  torch.bfloat16 --> F16, shape = {16, 3840}
INFO:hf-to-gguf:blk.47.attn_q.weight.lora_a,       torch.bfloat16 --> F16, shape = {3840, 16}
INFO:hf-to-gguf:blk.47.attn_q.weight.lora_b,       torch.bfloat16 --> F16, shape = {16, 8192}
INFO:hf-to-gguf:blk.5.ffn_down.weight.lora_a,      torch.bfloat16 --> F16, shape = {15360, 16}
INFO:hf-to-gguf:blk.5.ffn_down.weight.lora_b,      torch.bfloat16 --> F16, shape = {16, 3840}
INFO:hf-to-gguf:blk.5.ffn_gate.weight.lora_a,      torch.bfloat16 --> F16, shape = {3840, 16}
INFO:hf-to-gguf:blk.5.ffn_gate.weight.lora_b,      torch.bfloat16 --> F16, shape = {16, 15360}
INFO:hf-to-gguf:blk.5.ffn_up.weight.lora_a,        torch.bfloat16 --> F16, shape = {3840, 16}
INFO:hf-to-gguf:blk.5.ffn_up.weight.lora_b,        torch.bfloat16 --> F16, shape = {16, 15360}
INFO:hf-to-gguf:blk.5.attn_k.weight.lora_a,        torch.bfloat16 --> F16, shape = {3840, 16}
INFO:hf-to-gguf:blk.5.attn_k.weight.lora_b,        torch.bfloat16 --> F16, shape = {16, 512}
INFO:hf-to-gguf:blk.5.attn_output.weight.lora_a,   torch.bfloat16 --> F16, shape = {8192, 16}
INFO:hf-to-gguf:blk.5.attn_output.weight.lora_b,   torch.bfloat16 --> F16, shape = {16, 3840}
INFO:hf-to-gguf:blk.5.attn_q.weight.lora_a,        torch.bfloat16 --> F16, shape = {3840, 16}
INFO:hf-to-gguf:blk.5.attn_q.weight.lora_b,        torch.bfloat16 --> F16, shape = {16, 8192}
INFO:hf-to-gguf:blk.6.ffn_down.weight.lora_a,      torch.bfloat16 --> F16, shape = {15360, 16}
INFO:hf-to-gguf:blk.6.ffn_down.weight.lora_b,      torch.bfloat16 --> F16, shape = {16, 3840}
INFO:hf-to-gguf:blk.6.ffn_gate.weight.lora_a,      torch.bfloat16 --> F16, shape = {3840, 16}
INFO:hf-to-gguf:blk.6.ffn_gate.weight.lora_b,      torch.bfloat16 --> F16, shape = {16, 15360}
INFO:hf-to-gguf:blk.6.ffn_up.weight.lora_a,        torch.bfloat16 --> F16, shape = {3840, 16}
INFO:hf-to-gguf:blk.6.ffn_up.weight.lora_b,        torch.bfloat16 --> F16, shape = {16, 15360}
INFO:hf-to-gguf:blk.6.attn_k.weight.lora_a,        torch.bfloat16 --> F16, shape = {3840, 16}
INFO:hf-to-gguf:blk.6.attn_k.weight.lora_b,        torch.bfloat16 --> F16, shape = {16, 2048}
INFO:hf-to-gguf:blk.6.attn_output.weight.lora_a,   torch.bfloat16 --> F16, shape = {4096, 16}
INFO:hf-to-gguf:blk.6.attn_output.weight.lora_b,   torch.bfloat16 --> F16, shape = {16, 3840}
INFO:hf-to-gguf:blk.6.attn_q.weight.lora_a,        torch.bfloat16 --> F16, shape = {3840, 16}
INFO:hf-to-gguf:blk.6.attn_q.weight.lora_b,        torch.bfloat16 --> F16, shape = {16, 4096}
INFO:hf-to-gguf:blk.6.attn_v.weight.lora_a,        torch.bfloat16 --> F16, shape = {3840, 16}
INFO:hf-to-gguf:blk.6.attn_v.weight.lora_b,        torch.bfloat16 --> F16, shape = {16, 2048}
INFO:hf-to-gguf:blk.7.ffn_down.weight.lora_a,      torch.bfloat16 --> F16, shape = {15360, 16}
INFO:hf-to-gguf:blk.7.ffn_down.weight.lora_b,      torch.bfloat16 --> F16, shape = {16, 3840}
INFO:hf-to-gguf:blk.7.ffn_gate.weight.lora_a,      torch.bfloat16 --> F16, shape = {3840, 16}
INFO:hf-to-gguf:blk.7.ffn_gate.weight.lora_b,      torch.bfloat16 --> F16, shape = {16, 15360}
INFO:hf-to-gguf:blk.7.ffn_up.weight.lora_a,        torch.bfloat16 --> F16, shape = {3840, 16}
INFO:hf-to-gguf:blk.7.ffn_up.weight.lora_b,        torch.bfloat16 --> F16, shape = {16, 15360}
INFO:hf-to-gguf:blk.7.attn_k.weight.lora_a,        torch.bfloat16 --> F16, shape = {3840, 16}
INFO:hf-to-gguf:blk.7.attn_k.weight.lora_b,        torch.bfloat16 --> F16, shape = {16, 2048}
INFO:hf-to-gguf:blk.7.attn_output.weight.lora_a,   torch.bfloat16 --> F16, shape = {4096, 16}
INFO:hf-to-gguf:blk.7.attn_output.weight.lora_b,   torch.bfloat16 --> F16, shape = {16, 3840}
INFO:hf-to-gguf:blk.7.attn_q.weight.lora_a,        torch.bfloat16 --> F16, shape = {3840, 16}
INFO:hf-to-gguf:blk.7.attn_q.weight.lora_b,        torch.bfloat16 --> F16, shape = {16, 4096}
INFO:hf-to-gguf:blk.7.attn_v.weight.lora_a,        torch.bfloat16 --> F16, shape = {3840, 16}
INFO:hf-to-gguf:blk.7.attn_v.weight.lora_b,        torch.bfloat16 --> F16, shape = {16, 2048}
INFO:hf-to-gguf:blk.8.ffn_down.weight.lora_a,      torch.bfloat16 --> F16, shape = {15360, 16}
INFO:hf-to-gguf:blk.8.ffn_down.weight.lora_b,      torch.bfloat16 --> F16, shape = {16, 3840}
INFO:hf-to-gguf:blk.8.ffn_gate.weight.lora_a,      torch.bfloat16 --> F16, shape = {3840, 16}
INFO:hf-to-gguf:blk.8.ffn_gate.weight.lora_b,      torch.bfloat16 --> F16, shape = {16, 15360}
INFO:hf-to-gguf:blk.8.ffn_up.weight.lora_a,        torch.bfloat16 --> F16, shape = {3840, 16}
INFO:hf-to-gguf:blk.8.ffn_up.weight.lora_b,        torch.bfloat16 --> F16, shape = {16, 15360}
INFO:hf-to-gguf:blk.8.attn_k.weight.lora_a,        torch.bfloat16 --> F16, shape = {3840, 16}
INFO:hf-to-gguf:blk.8.attn_k.weight.lora_b,        torch.bfloat16 --> F16, shape = {16, 2048}
INFO:hf-to-gguf:blk.8.attn_output.weight.lora_a,   torch.bfloat16 --> F16, shape = {4096, 16}
INFO:hf-to-gguf:blk.8.attn_output.weight.lora_b,   torch.bfloat16 --> F16, shape = {16, 3840}
INFO:hf-to-gguf:blk.8.attn_q.weight.lora_a,        torch.bfloat16 --> F16, shape = {3840, 16}
INFO:hf-to-gguf:blk.8.attn_q.weight.lora_b,        torch.bfloat16 --> F16, shape = {16, 4096}
INFO:hf-to-gguf:blk.8.attn_v.weight.lora_a,        torch.bfloat16 --> F16, shape = {3840, 16}
INFO:hf-to-gguf:blk.8.attn_v.weight.lora_b,        torch.bfloat16 --> F16, shape = {16, 2048}
INFO:hf-to-gguf:blk.9.ffn_down.weight.lora_a,      torch.bfloat16 --> F16, shape = {15360, 16}
INFO:hf-to-gguf:blk.9.ffn_down.weight.lora_b,      torch.bfloat16 --> F16, shape = {16, 3840}
INFO:hf-to-gguf:blk.9.ffn_gate.weight.lora_a,      torch.bfloat16 --> F16, shape = {3840, 16}
INFO:hf-to-gguf:blk.9.ffn_gate.weight.lora_b,      torch.bfloat16 --> F16, shape = {16, 15360}
INFO:hf-to-gguf:blk.9.ffn_up.weight.lora_a,        torch.bfloat16 --> F16, shape = {3840, 16}
INFO:hf-to-gguf:blk.9.ffn_up.weight.lora_b,        torch.bfloat16 --> F16, shape = {16, 15360}
INFO:hf-to-gguf:blk.9.attn_k.weight.lora_a,        torch.bfloat16 --> F16, shape = {3840, 16}
INFO:hf-to-gguf:blk.9.attn_k.weight.lora_b,        torch.bfloat16 --> F16, shape = {16, 2048}
INFO:hf-to-gguf:blk.9.attn_output.weight.lora_a,   torch.bfloat16 --> F16, shape = {4096, 16}
INFO:hf-to-gguf:blk.9.attn_output.weight.lora_b,   torch.bfloat16 --> F16, shape = {16, 3840}
INFO:hf-to-gguf:blk.9.attn_q.weight.lora_a,        torch.bfloat16 --> F16, shape = {3840, 16}
INFO:hf-to-gguf:blk.9.attn_q.weight.lora_b,        torch.bfloat16 --> F16, shape = {16, 4096}
INFO:hf-to-gguf:blk.9.attn_v.weight.lora_a,        torch.bfloat16 --> F16, shape = {3840, 16}
INFO:hf-to-gguf:blk.9.attn_v.weight.lora_b,        torch.bfloat16 --> F16, shape = {16, 2048}
INFO:hf-to-gguf:Set meta model
INFO:hf-to-gguf:Set model parameters
INFO:hf-to-gguf:Set model quantization version
INFO:hf-to-gguf:Set model tokenizer
INFO:gguf.gguf_writer:Writing the following files:
INFO:gguf.gguf_writer:/scratch/work/adapters-SD1/gemma4-12b-think/selfdistill/adapter.gguf: n_tensors = 656, total_size = 131.1M
Writing:   0%|          | 0.00/131M [00:00<?, ?byte/s]Writing:  27%|██▋       | 36.0M/131M [00:00<00:00, 358Mbyte/s]Writing:  56%|█████▌    | 73.0M/131M [00:00<00:00, 365Mbyte/s]Writing:  85%|████████▍ | 111M/131M [00:00<00:00, 373Mbyte/s] Writing: 100%|██████████| 131M/131M [00:00<00:00, 369Mbyte/s]
INFO:lora-to-gguf:Model successfully exported to /scratch/work/adapters-SD1/gemma4-12b-think/selfdistill/adapter.gguf
