== 02:07:18 setting up
== 02:07:36 1 GPUs, eval set /scratch/repo4/data/eval/matura_all.jsonl
== 02:07:36 downloading gemma4-12b-exam while online
/scratch/work/venv-py312/lib/python3.12/site-packages/huggingface_hub/constants.py:302: FutureWarning: The `HF_HUB_ENABLE_HF_TRANSFER` environment variable is deprecated as 'hf_transfer' is not used anymore. Please use `HF_XET_HIGH_PERFORMANCE` instead to enable high performance transfer with Xet. Visit https://huggingface.co/docs/huggingface_hub/package_reference/environment_variables#hfxethighperformance for more details.
  warnings.warn(
/scratch/hf/hub/models--google--gemma-4-12B-it-qat-q4_0-gguf/snapshots/29d097773436b69ff9feafd636ab4cf873786537/gemma-4-12b-it-qat-q4_0.gguf
/scratch/hf/hub/models--google--gemma-4-12B-it-qat-q4_0-gguf/snapshots/29d097773436b69ff9feafd636ab4cf873786537/mmproj-gemma-4-12b-it-qat-q4_0.gguf
== 02:07:41 serving gemma4-12b-exam offline (serve_exam.sh)
/scratch/work/packages/probny-2026-01: 38 items, 60 points, 42 images
subtypes: {'closed_text': 'v5', 'closed_image': 'v5', 'open_text': 'raw', 'open_image': 'raw', 'essay': 'plan'}
vision: True
empty answer: max_tokens=4000 went to reasoning (finish_reason=length); turn thinking off (chat_template_kwargs.enable_thinking) or set think_tokens
retrying once with thinking off (THINK_FALLBACK=1)
empty answer: max_tokens=4000 went to reasoning (finish_reason=length); turn thinking off (chat_template_kwargs.enable_thinking) or set think_tokens
retrying once with thinking off (THINK_FALLBACK=1)
empty answer: max_tokens=8256 went to reasoning (finish_reason=length); turn thinking off (chat_template_kwargs.enable_thinking) or set think_tokens
retrying once with thinking off (THINK_FALLBACK=1)
empty answer: max_tokens=4000 went to reasoning (finish_reason=length); turn thinking off (chat_template_kwargs.enable_thinking) or set think_tokens
retrying once with thinking off (THINK_FALLBACK=1)
empty answer: max_tokens=8240 went to reasoning (finish_reason=length); turn thinking off (chat_template_kwargs.enable_thinking) or set think_tokens
retrying once with thinking off (THINK_FALLBACK=1)
empty answer: max_tokens=8256 went to reasoning (finish_reason=length); turn thinking off (chat_template_kwargs.enable_thinking) or set think_tokens
retrying once with thinking off (THINK_FALLBACK=1)
empty answer: max_tokens=8256 went to reasoning (finish_reason=length); turn thinking off (chat_template_kwargs.enable_thinking) or set think_tokens
retrying once with thinking off (THINK_FALLBACK=1)
38 answers (0 blank) -> /scratch/repo4/results/rehearsal/stage-probny/probny-2026-01/try1.json; log /scratch/repo4/results/rehearsal/stage-probny/probny-2026-01/try1.json.log.jsonl
== 02:16:59 probny-2026-01 attempt 1: exit 0, 0 blank
probny-2026-01	38	542
== 02:16:59 done (exit 0); results in /scratch/repo4/results/rehearsal/stage-probny
