== 03:09:37 setting up
== 03:09:52 1 GPUs, eval set /scratch/repo4/data/eval/matura_all.jsonl
== 03:09:52 downloading gemma4-12b-think while online
/scratch/work/venv-py312/lib/python3.12/site-packages/huggingface_hub/constants.py:302: FutureWarning: The `HF_HUB_ENABLE_HF_TRANSFER` environment variable is deprecated as 'hf_transfer' is not used anymore. Please use `HF_XET_HIGH_PERFORMANCE` instead to enable high performance transfer with Xet. Visit https://huggingface.co/docs/huggingface_hub/package_reference/environment_variables#hfxethighperformance for more details.
  warnings.warn(
/scratch/hf/hub/models--google--gemma-4-12B-it-qat-q4_0-gguf/snapshots/29d097773436b69ff9feafd636ab4cf873786537/gemma-4-12b-it-qat-q4_0.gguf
/scratch/hf/hub/models--google--gemma-4-12B-it-qat-q4_0-gguf/snapshots/29d097773436b69ff9feafd636ab4cf873786537/mmproj-gemma-4-12b-it-qat-q4_0.gguf
== 03:09:58 serving gemma4-12b-think offline (serve_exam.sh)
/scratch/work/packages/2023-05: 37 items, 60 points, 26 images
vision: True
empty answer: max_tokens=4000 went to reasoning (finish_reason=length); turn thinking off (chat_template_kwargs.enable_thinking) or set think_tokens
retrying once with thinking off (THINK_FALLBACK=1)
empty answer: max_tokens=4000 went to reasoning (finish_reason=length); turn thinking off (chat_template_kwargs.enable_thinking) or set think_tokens
retrying once with thinking off (THINK_FALLBACK=1)
empty answer: max_tokens=4000 went to reasoning (finish_reason=length); turn thinking off (chat_template_kwargs.enable_thinking) or set think_tokens
retrying once with thinking off (THINK_FALLBACK=1)
37 answers (0 blank) -> /scratch/out/matura-infer-gemma4-12b-think-sd1-raw-2023-05-20260927-0509-sd1e/2023-05/try1.json; log /scratch/out/matura-infer-gemma4-12b-think-sd1-raw-2023-05-20260927-0509-sd1e/2023-05/try1.json.log.jsonl
== 03:15:41 2023-05 attempt 1: exit 0, 0 blank
2023-05	37	333
== 03:15:41 done (exit 0); results in /scratch/out/matura-infer-gemma4-12b-think-sd1-raw-2023-05-20260927-0509-sd1e
