RAG knowledge base /scratch/final_e2e/data/kb/passages.jsonl not built yet (scripts/build_kb.py); skipping it
subtypes: {'closed_text': 'v5', 'closed_image': 'v5', 'open_text': 'raw', 'open_image': 'raw', 'essay': 'plan'}
vision: True
empty answer: max_tokens=4000 went to reasoning (finish_reason=length); turn thinking off (chat_template_kwargs.enable_thinking) or set think_tokens
retrying once with thinking off (THINK_FALLBACK=1)
empty answer: max_tokens=4000 went to reasoning (finish_reason=length); turn thinking off (chat_template_kwargs.enable_thinking) or set think_tokens
retrying once with thinking off (THINK_FALLBACK=1)
empty answer: max_tokens=4000 went to reasoning (finish_reason=length); turn thinking off (chat_template_kwargs.enable_thinking) or set think_tokens
retrying once with thinking off (THINK_FALLBACK=1)
empty answer: max_tokens=8256 went to reasoning (finish_reason=length); turn thinking off (chat_template_kwargs.enable_thinking) or set think_tokens
retrying once with thinking off (THINK_FALLBACK=1)
empty answer: max_tokens=8208 went to reasoning (finish_reason=length); turn thinking off (chat_template_kwargs.enable_thinking) or set think_tokens
retrying once with thinking off (THINK_FALLBACK=1)
empty answer: max_tokens=4000 went to reasoning (finish_reason=length); turn thinking off (chat_template_kwargs.enable_thinking) or set think_tokens
retrying once with thinking off (THINK_FALLBACK=1)
empty answer: max_tokens=8240 went to reasoning (finish_reason=length); turn thinking off (chat_template_kwargs.enable_thinking) or set think_tokens
retrying once with thinking off (THINK_FALLBACK=1)
empty answer: max_tokens=8256 went to reasoning (finish_reason=length); turn thinking off (chat_template_kwargs.enable_thinking) or set think_tokens
retrying once with thinking off (THINK_FALLBACK=1)
empty answer: max_tokens=8256 went to reasoning (finish_reason=length); turn thinking off (chat_template_kwargs.enable_thinking) or set think_tokens
retrying once with thinking off (THINK_FALLBACK=1)
empty answer: max_tokens=8256 went to reasoning (finish_reason=length); turn thinking off (chat_template_kwargs.enable_thinking) or set think_tokens
retrying once with thinking off (THINK_FALLBACK=1)
empty answer: max_tokens=8240 went to reasoning (finish_reason=length); turn thinking off (chat_template_kwargs.enable_thinking) or set think_tokens
retrying once with thinking off (THINK_FALLBACK=1)
38 answers (0 blank) -> /scratch/final_e2e/results/final-e2e/probny-2026-01/answers.json; log /scratch/final_e2e/results/final-e2e/probny-2026-01/answers.json.log.jsonl
